services/socketService.ts(7,28): error TS2339: Property 'env' does not exist on type 'ImportMeta'.
